// Work: Atlassian, Jira, Bitbucket, etc.
retrotool.io
atl-paas.net
atlassian.com
ss-inf.net
atlassian.net
jira.com
bitbucket.org
atlassian-dev.net
atlassian-us-gov-mod.com
atlassian-us-gov-mod.net
atlassian-dev-us-gov-mod.net
cloudfront.net
awswaf.com
cookielaw.org
gstatic.com
gstatic.cn
launchdarkly.com
optimizely.com
atl.orangelogic.com
data.pendo.io
pndsn.com
sentry-cdn.com
ingest.sentry.io
api.statsig.com
statsigapi.net
statsigapi.net
prodregistryv2.org
featureassets.org
segment.io
segment.com
unsplash.com
wp.com
gravatar.com
giphy.com
intercomcdn.com
intercom.io

// Slack
slack-edge.com
slack.com

// Supercell / Игры
supercell.com
windsurf.com
brawlstarsgame.com
clashofclans.com

// Minecraft / Microsoft / Xbox
minecraft.net
microsoftonline.com
mojang.com
xboxlive.com

// Anthropic / AI
anthropic.com
claude.ai

// Codeium / Dev Tools
codeium.com
windsurf.com

// Miro
miro.com

// NVIDIA / GeForce
nvidia.com
geforce.com
nvidia.cn

// JetBrains / Dev Tools
jetbrains.com

// Безопасность / Анализ
virustotal.com
online-fix.me

// LSports
lsports.eu

// Api Sports
api-sports.io

// Gitlab
gitlab.com

// Derpfest
derpfest.org

// Github
github.com
githubusercontent.com
githubcopilot.com
exp-tas.com
ghe.com

// Anilibria
aniliberty.top
libria.fun

// Sing-box docs
sagernet.org

// Speedtest
speedtest.net

// Dota
dota2protracker.com
dotabuff.com

// CD Project RED
cdprojekt.com
cdprojektred.com
cdpred.com
thewitcher.com
thewitcher.red
witcher3.com
thewitcherstore.com
cyberpunk2077.com
cyberpunk.games
cyberpunk.net
cyberpunk.red
cdprojektstore.com
cdprstore.com
cdpredstore.com
gameofgwent.com
gwentgame.com
playgwent.com
gwentftw.com
gwintgrakarciana.com
wiedzmingrakarciana.com
netwatch-ncpd.com
nightcorp.net
militech-corp.com
trauma-team-international.com
isitmay19thyet.com
promisedland.red
kaermorhen.com
cdpred.services

// Rutracker
rutracker.org

// Social media
telegram.org
instagram.com
facebook.com
twitch.tv
pinterest.com
i.pinimg.com

// Кино/сериалы
kinogo.media

// DEAD BY DAYLIGHT 😎💪😈😈
account.bhvr.com
forum.bhvr.com
deadbydaylight.com
stats.deadbydaylight.com
bhvr.com
live.bhvr.com
latest.bhvr.com
cdn.bhvr.com
api.bhvr.com

// Amazon Web Services (AWS)
aws.amazon.com

// Easy Anti-Cheat
easy.ac
download.easyanticheat.net
easyanticheat.net
api.easyanticheat.net
modules.easyanticheat.net
integrity.easyanticheat.net


// Asahi linux
asahilinux.org

// Mojang
api.minecraftservices.com

// Flutter
pub.dev

// Figma
figma.com

// CS
faceit.com

// Steam
blob.core.windows.net
steamserver.net
api.steampowered.com
images.steamusercontent.com

// Nexusmods
nexus-cdn.com

// Amazon (для облачных синхронизаций steam
amazonaws.com

// Install IPA
apartgamble.com
applejr.net
histats.com

// Vencord
vencord.dev
